
rajesh@DESKTOP-VOG5JCE MINGW64 ~/Desktop/intern (master)
$ git branch grt

rajesh@DESKTOP-VOG5JCE MINGW64 ~/Desktop/intern (master)
$ git add -A

rajesh@DESKTOP-VOG5JCE MINGW64 ~/Desktop/intern (master)
$ git commit -m"kata 5 commit"
[master cf31bd7] kata 5 commit
 1 file changed, 1 insertion(+), 1 deletion(-)

rajesh@DESKTOP-VOG5JCE MINGW64 ~/Desktop/intern (master)
$ git switch master
Already on 'master'

rajesh@DESKTOP-VOG5JCE MINGW64 ~/Desktop/intern (master)
$ git switch grt
Switched to branch 'grt'

rajesh@DESKTOP-VOG5JCE MINGW64 ~/Desktop/intern (grt)
$ git add -A

rajesh@DESKTOP-VOG5JCE MINGW64 ~/Desktop/intern (grt)
$ git commit -m"kata 5 commit"
[grt 8cbd66e] kata 5 commit
 1 file changed, 2 insertions(+), 1 deletion(-)

rajesh@DESKTOP-VOG5JCE MINGW64 ~/Desktop/intern (grt)
$ git switch master
Switched to branch 'master'

rajesh@DESKTOP-VOG5JCE MINGW64 ~/Desktop/intern (master)
$ touch README.md

rajesh@DESKTOP-VOG5JCE MINGW64 ~/Desktop/intern (master)
$ git add -A

rajesh@DESKTOP-VOG5JCE MINGW64 ~/Desktop/intern (master)
$ git commit -m"kata 5  radme commit"
[master 4a0bf80] kata 5  radme commit
 1 file changed, 5 insertions(+)
 create mode 100644 README.md

rajesh@DESKTOP-VOG5JCE MINGW64 ~/Desktop/intern (master)
$ git log --oneline --graph --all
* 4a0bf80 (HEAD -> master) kata 5  radme commit
* cf31bd7 kata 5 commit
| * 8cbd66e (grt) kata 5 commit
|/
* 27d4634 kata 4 commit
* 92de99d (mybranch) kata 3 commit
* 5530c83 kata 3 commit
* bc5f3d8 kata 2 commit
* 261a36d kata 1  3rdcommit
* f929d52 kata 1 2 commit
* 848a277 kata 1 commit
* d89b7c3 grt commit
* de99f94 4th txt updated
* ae7776a 2nd txt updated
* 1a7fe0d 2nd txt created
* 36c95b3 text created
* 839d5b8 text created
* 4367390 text created

rajesh@DESKTOP-VOG5JCE MINGW64 ~/Desktop/intern (master)
$ git diff master grt
diff --git a/README.md b/README.md
deleted file mode 100644
index b9d5f6f..0000000
--- a/README.md
+++ /dev/null
@@ -1,5 +0,0 @@
-Create a branch called greeting and switch to it
-Edit the greeting.txt to contain your favorite greeting
-Add greeting.txt files to the staging area
-Commit
-Switch back to the master branch
\ No newline at end of file
diff --git a/grt.txt b/grt.txt
index 1c806d0..188f3ec 100644
--- a/grt.txt
+++ b/grt.txt
@@ -1 +1,2 @@
-GOOD MORNING Every One
\ No newline at end of file
+GOOD MORNING
+Hello

rajesh@DESKTOP-VOG5JCE MINGW64 ~/Desktop/intern (master)
$ git merge grt
Auto-merging grt.txt
CONFLICT (content): Merge conflict in grt.txt
Automatic merge failed; fix conflicts and then commit the result.

rajesh@DESKTOP-VOG5JCE MINGW64 ~/Desktop/intern (master|MERGING)
$ git log --oneline --graph --all
* 4a0bf80 (HEAD -> master) kata 5  radme commit
* cf31bd7 kata 5 commit
| * 8cbd66e (grt) kata 5 commit
|/
* 27d4634 kata 4 commit
* 92de99d (mybranch) kata 3 commit
* 5530c83 kata 3 commit
* bc5f3d8 kata 2 commit
* 261a36d kata 1  3rdcommit
* f929d52 kata 1 2 commit
* 848a277 kata 1 commit
* d89b7c3 grt commit
* de99f94 4th txt updated
* ae7776a 2nd txt updated
* 1a7fe0d 2nd txt created
* 36c95b3 text created
* 839d5b8 text created
* 4367390 text created
