//hey
rajesh@DESKTOP-VOG5JCE MINGW64 ~Desktopintern (master)
$ git status
On branch master
Changes not staged for commit
  (use git addrm file... to update what will be committed)
  (use git restore file... to discard changes in working directory)
        deleted    2file.txt
        deleted    grt.txt
        deleted    new.txt
        deleted    staging file.txt

no changes added to commit (use git add andor git commit -a)

rajesh@DESKTOP-VOG5JCE MINGW64 ~Desktopintern (master)
$ git log
commit d89b7c3659cdb81fac40d20b67d42c57ddce16d4 (HEAD - master)
Author nithin kumar nithin.surineni@zemosolabs.com
Date   Thu Nov 10 100605 2022 +0530

    grt commit

commit de99f94d2b7b70edd1d3bb3dfb0466c87dcd5b9f
Author nithin kumar nithin.surineni@zemosolabs.com
Date   Wed Nov 9 220558 2022 +0530

    4th txt updated

commit ae7776a7bbbe2c9d461217f3ca8c618dca672fe2
Author nithin kumar nithin.surineni@zemosolabs.com
Date   Wed Nov 9 212440 2022 +0530

    2nd txt updated

commit 1a7fe0dd2d7ad001a0d6198ace5b077a05c37e61
Author nithin kumar nithin.surineni@zemosolabs.com
Date   Wed Nov 9 211503 2022 +0530

    2nd txt created

commit 36c95b327cf40ef2b393117af5bd3a5b3f68b3a1
Author nithin kumar nithin.surineni@zemosolabs.com
Date   Wed Nov 9 210927 2022 +0530

    text created

commit 839d5b8876af3f9615ed1332c95363c553e320c6
Author nithin kumar nithin.surineni@zemosolabs.com
Date   Wed Nov 9 210852 2022 +0530

    text created

commit 4367390b29e375f4659e08a9c33b8201db3d0f3c
Author nithin kumar nithin.surineni@zemosolabs.com
Date   Wed Nov 9 210305 2022 +0530

    text created

rajesh@DESKTOP-VOG5JCE MINGW64 ~Desktopintern (master)
$ touch file

rajesh@DESKTOP-VOG5JCE MINGW64 ~Desktopintern (master)
$ git status
On branch master
Changes not staged for commit
  (use git addrm file... to update what will be committed)
  (use git restore file... to discard changes in working directory)
        deleted    2file.txt
        deleted    grt.txt
        deleted    new.txt
        deleted    staging file.txt

Untracked files
  (use git add file... to include in what will be committed)
        file

no changes added to commit (use git add andor git commit -a)

rajesh@DESKTOP-VOG5JCE MINGW64 ~Desktopintern (master)
$ git add -A

rajesh@DESKTOP-VOG5JCE MINGW64 ~Desktopintern (master)
$ git commit -mkata 1 commit
[master 848a277] kata 1 commit
 5 files changed, 5 deletions(-)
 delete mode 100644 2file.txt
 create mode 100644 file
 delete mode 100644 grt.txt
 delete mode 100644 new.txt
 delete mode 100644 staging file.txt

rajesh@DESKTOP-VOG5JCE MINGW64 ~Desktopintern (master)
$ git status
On branch master
nothing to commit, working tree clean

rajesh@DESKTOP-VOG5JCE MINGW64 ~Desktopintern (master)
$ git status
On branch master
Changes not staged for commit
  (use git add file... to update what will be committed)
  (use git restore file... to discard changes in working directory)
        modified   file

no changes added to commit (use git add andor git commit -a)

rajesh@DESKTOP-VOG5JCE MINGW64 ~Desktopintern (master)
$ git add -A

rajesh@DESKTOP-VOG5JCE MINGW64 ~Desktopintern (master)
$ git status
On branch master
Changes to be committed
  (use git restore --staged file... to unstage)
        modified   file


rajesh@DESKTOP-VOG5JCE MINGW64 ~Desktopintern (master)
$ git commit -mkata 1 2 commit
[master f929d52] kata 1 2 commit
 1 file changed, 1 insertion(+)

rajesh@DESKTOP-VOG5JCE MINGW64 ~Desktopintern (master)
$ git status
On branch master
Changes not staged for commit
  (use git add file... to update what will be committed)
  (use git restore file... to discard changes in working directory)
        modified   file

no changes added to commit (use git add andor git commit -a)

rajesh@DESKTOP-VOG5JCE MINGW64 ~Desktopintern (master)
$ git add -A

rajesh@DESKTOP-VOG5JCE MINGW64 ~Desktopintern (master)
$ git commit -mkata 1  3rdcommit
[master 261a36d] kata 1  3rdcommit
 1 file changed, 1 insertion(+)
